// Jest Snapshot v1, https://goo.gl/fbAQLP

exports[`Cell component check Cell renders correctly 1`] = `
<DocumentFragment>
  <div
    class="css-eudiny-Cell"
    data-testid="1,1"
  >
    1,1
  </div>
</DocumentFragment>
`;
